py : test_animal_death 
(test_animals.TestAnimals.test_animal_death)
At line:1 char:1
+ py tests/run_tests.py > test_output.txt 2>&1
+ ~~~~~~~~~~~~~~~~~~~~~~~~~~~~~~~~~~~~~~~~~~~~
    + CategoryInfo          : NotSpecified: (test_animal_ 
   dea...t_animal_death):String) [], RemoteException
    + FullyQualifiedErrorId : NativeCommandError
 
µ╡ïΦ»òσè¿τë⌐µ¡╗Σ║í ... ok
test_animal_distance 
(test_animals.TestAnimals.test_animal_distance)
µ╡ïΦ»òσè¿τë⌐Φ╖¥τª╗Φ«íτ«ù ... ok
test_fish_creation 
(test_animals.TestAnimals.test_fish_creation)
µ╡ïΦ»òΘ▒╝σê¢σ╗║ ... ok
test_penguin_breeding 
(test_animals.TestAnimals.test_penguin_breeding)
µ╡ïΦ»òΣ╝üΘ╣àτ╣üµ«û ... ok
test_penguin_creation 
(test_animals.TestAnimals.test_penguin_creation)
µ╡ïΦ»òΣ╝üΘ╣àσê¢σ╗║ ... ok
test_penguin_energy_consumption 
(test_animals.TestAnimals.test_penguin_energy_consumption)
µ╡ïΦ»òΣ╝üΘ╣àΦâ╜ΘçÅµ╢êΦÇù ... ok
test_penguin_move 
(test_animals.TestAnimals.test_penguin_move)
µ╡ïΦ»òΣ╝üΘ╣àτº╗σè¿ ... ok
test_seal_creation 
(test_animals.TestAnimals.test_seal_creation)
µ╡ïΦ»òµ╡╖Φ▒╣σê¢σ╗║ ... ok
test_seal_predation 
(test_animals.TestAnimals.test_seal_predation)
µ╡ïΦ»òµ╡╖Φ▒╣Φâ╜ΘçÅΦÄ╖σÅû ... ok
test_animal_removal 
(test_engine.TestSimulationEngine.test_animal_removal)
µ╡ïΦ»òµ¡╗Σ║íσè¿τë⌐τº╗ΘÖñ ... ok
test_breeding 
(test_engine.TestSimulationEngine.test_breeding)
µ╡ïΦ»òτ╣üµ«ûµ£║σê╢ ... ok
test_engine_initialization (test_engine.TestSimulationEngi
ne.test_engine_initialization)
µ╡ïΦ»òσ╝òµôÄσê¥σºïσîû ... ok
test_environment_update 
(test_engine.TestSimulationEngine.test_environment_update)
µ╡ïΦ»òτÄ»σóâµ¢┤µû░ ... ok
test_predation 
(test_engine.TestSimulationEngine.test_predation)
µ╡ïΦ»òµìòΘúƒµ£║σê╢ ... ok
test_state_serialization (test_engine.TestSimulationEngine
.test_state_serialization)
µ╡ïΦ»òτè╢µÇüσ║Åσêùσîû ... ok
test_step (test_engine.TestSimulationEngine.test_step)
µ╡ïΦ»òσñÜµ¡ÑµÄ¿Φ┐¢ ... ok
test_tick (test_engine.TestSimulationEngine.test_tick)
µ╡ïΦ»òσìòµ¡Ñtick ... ok
test_environment_creation (test_environment.TestEnvironmen
t.test_environment_creation)
µ╡ïΦ»òτÄ»σóâσê¢σ╗║ ... ok
test_environment_tick 
(test_environment.TestEnvironment.test_environment_tick)
µ╡ïΦ»òτÄ»σóâµ¢┤µû░ ... ok
test_ice_thickness 
(test_environment.TestEnvironment.test_ice_thickness)
µ╡ïΦ»òσå░σÄÜσ║ªΦ«íτ«ù ... ok
test_land_detection 
(test_environment.TestEnvironment.test_land_detection)
µ╡ïΦ»òΘÖåσ£░µúÇµ╡ï ... ok
test_sea_detection 
(test_environment.TestEnvironment.test_sea_detection)
µ╡ïΦ»òµ╡╖µ┤ïµúÇµ╡ï ... ok
test_full_simulation_cycle (test_integration.TestIntegrati
on.test_full_simulation_cycle)
µ╡ïΦ»òσ«îµò┤µ¿íµïƒσæ¿µ£ƒ ... ok
test_json_serialization 
(test_integration.TestIntegration.test_json_serialization)
µ╡ïΦ»òJSONσ║Åσêùσîû ... ok
test_long_running_simulation (test_integration.TestIntegra
tion.test_long_running_simulation)
µ╡ïΦ»òΘò┐µù╢Θù┤Φ┐ÉΦíî ... ok
test_state_consistency 
(test_integration.TestIntegration.test_state_consistency)
µ╡ïΦ»òτè╢µÇüΣ╕ÇΦç┤µÇº ... ok

----------------------------------------------------------
------------
Ran 26 tests in 0.116s

OK

============================================================
Test Summary
============================================================
Tests run: 26
Passed: 26
Failed: 0
Errors: 0
============================================================
